// Vitest Snapshot v1, https://vitest.dev/guide/snapshot.html

exports[`CheckDay snapshot test > testing CheckDay component 1`] = `
<div>
  <div
    class="div--day"
    id=""
  >
    <select
      id="optionsDays"
    >
      <option
        value="lundi"
      >
        Lundi
      </option>
      <option
        value="mardi"
      >
        Mardi
      </option>
      <option
        value="mercredi"
      >
        Mercredi
      </option>
      <option
        value="jeudi"
      >
        Jeudi
      </option>
      <option
        value="vendredi"
      >
        Vendredi
      </option>
    </select>
  </div>
</div>
`;
