// Vitest Snapshot v1, https://vitest.dev/guide/snapshot.html

exports[`TableOfTodos snapshot test > testing TableOfTodos component 1`] = `
<div>
  <div
    class="table--todos"
  >
    <div
      class="div--title--projects"
    >
      <h3
        class="h3--table t-one"
      >
        Projets
      </h3>
    </div>
    <div
      class="div--title--tasks"
    >
      <h3
        class="h3--table t-two"
      >
        Tâches
      </h3>
    </div>
    <div
      class="div--title--delays"
    >
      <h3
        class="h3--table t-three"
      >
        Délais
      </h3>
    </div>
    <div
      class="div--title--clients"
    >
      <h3
        class="h3--table t-four"
      >
        Clients
      </h3>
    </div>
  </div>
</div>
`;
